# @@@LICENSE
#
#      Copyright (c) 2008-2013 LG Electronics, Inc.
#
# Licensed under the Apache License, Version 2.0 (the "License");
# you may not use this file except in compliance with the License.
# You may obtain a copy of the License at
#
# http://www.apache.org/licenses/LICENSE-2.0
#
# Unless required by applicable law or agreed to in writing, software
# distributed under the License is distributed on an "AS IS" BASIS,
# WITHOUT WARRANTIES OR CONDITIONS OF ANY KIND, either express or implied.
# See the License for the specific language governing permissions and
# limitations under the License.
#
# LICENSE@@@

libPmCertificateMgr {
    global:
	# cert_cfg.h
	CertCfgOpenConfigFile;
	CertCfgSetObjectValue;
    CertCfgGetObjectValue;
	CertCfgSetObjectStrValue;
	CertCfgGetObjectStrValue;

	# cert_db.h
	CertInitDatabase;
	CertReadDatabase;
	CertWriteDatabase;
	CertGetDatabaseInfo;
	CertGetDatabaseStrValue;
	CertCreateDatabaseItemDirect;
	CertCreateDatabaseItem;
	CertUpdateDatabaseItemDirect;
	CertUpdateDatabaseItem;
	CertDatabaseCountCertsDirect;
    CertDatabaseCountCerts;
    CertListDatabaseCertsByStatusDirect;
    CertListDatabaseCertsByStatus;
    CertGetNameFromSerialNumberDirect;
    CertGetNameFromSerialNumber;

	# cert_debug.h
	strProps;
	strPropNames;
	strErrorNames;
    CertX509Dump;
    CertPKCS12Dump;
    initSSLErrors;
    logSSLErrors;

	# cert_mgr.h
	SetupCertMgrEnviroment;
	CertInitCertMgr;
	CertResetConfig;
	CertReadKeyPackageDirect;
	CertInstallKeyPackageDirect;
	CertInstallKeyPackage;
	CertRemoveCertificateDirect;
	CertRemoveCertificate;
	CertGetCertificateCountDirect;
	CertGetCertificateCount;
	CertAddAuthorizedCert;
	CertAddTrustedCert;
	CertValidateCertificate;
	CertPemToX509;
	CertGetX509;

	# cert_utils.h
	cmutils_ip2str;
	cmutils_strdsvcat;
	getTimeString;
	checkCertDates;
	CertGetSerialNumber;
    CertGetSerialNumberInc;
    CertInitLockFiles;
    CertLockFile;
    CertUnlockFile;
    makePath;
    cmutils_mkdirp;
    cmutils_touchp;
    cmutils_rmdeadlinks;
    cmutils_exists;
    cmutils_gzip;
    cmutils_memdup;

	# cert_x509.h
	CertX509ReadStrProperty;
	checkCert;

    local:  *;
};
